Copyright 1986-2020 Xilinx, Inc. All Rights Reserved.
-------------------------------------------------------------------------------------------
| Tool Version : Vivado v.2020.2 (win64) Build 3064766 Wed Nov 18 09:12:45 MST 2020
| Date         : Sat Mar  7 14:36:58 2026
| Host         : DESKTOP-7CFQ9ND running 64-bit major release  (build 9200)
| Command      : report_control_sets -verbose -file top_VGA_OV7670_control_sets_placed.rpt
| Design       : top_VGA_OV7670
| Device       : xc7a35t
-------------------------------------------------------------------------------------------

Control Set Information

Table of Contents
-----------------
1. Summary
2. Histogram
3. Flip-Flop Distribution
4. Detailed Control Set Information

1. Summary
----------

+----------------------------------------------------------+-------+
|                          Status                          | Count |
+----------------------------------------------------------+-------+
| Total control sets                                       |    21 |
|    Minimum number of control sets                        |    21 |
|    Addition due to synthesis replication                 |     0 |
|    Addition due to physical synthesis replication        |     0 |
| Unused register locations in slices containing registers |    70 |
+----------------------------------------------------------+-------+
* Control sets can be merged at opt_design using control_set_merge or merge_equivalent_drivers
** Run report_qor_suggestions for automated merging and remapping suggestions


2. Histogram
------------

+--------------------+-------+
|       Fanout       | Count |
+--------------------+-------+
| Total control sets |    21 |
| >= 0 to < 4        |     2 |
| >= 4 to < 6        |     3 |
| >= 6 to < 8        |     1 |
| >= 8 to < 10       |     5 |
| >= 10 to < 12      |     2 |
| >= 12 to < 14      |     0 |
| >= 14 to < 16      |     1 |
| >= 16              |     7 |
+--------------------+-------+
* Control sets can be remapped at either synth_design or opt_design


3. Flip-Flop Distribution
-------------------------

+--------------+-----------------------+------------------------+-----------------+--------------+
| Clock Enable | Synchronous Set/Reset | Asynchronous Set/Reset | Total Registers | Total Slices |
+--------------+-----------------------+------------------------+-----------------+--------------+
| No           | No                    | No                     |               3 |            3 |
| No           | No                    | Yes                    |              54 |           20 |
| No           | Yes                   | No                     |               0 |            0 |
| Yes          | No                    | No                     |               0 |            0 |
| Yes          | No                    | Yes                    |             249 |           98 |
| Yes          | Yes                   | No                     |               0 |            0 |
+--------------+-----------------------+------------------------+-----------------+--------------+


4. Detailed Control Set Information
-----------------------------------

+--------------------------+-----------------------------------------+------------------+------------------+----------------+--------------+
|       Clock Signal       |              Enable Signal              | Set/Reset Signal | Slice Load Count | Bel Load Count | Bels / Slice |
+--------------------------+-----------------------------------------+------------------+------------------+----------------+--------------+
|  U_CLK_WIZ/inst/clk_out1 | U_SCCB_MASTER/sioc_reg_i_1_n_0          | reset_IBUF       |                1 |              1 |         1.00 |
|  rclk_BUFG               |                                         |                  |                3 |              3 |         1.00 |
|  U_CLK_WIZ/inst/clk_out1 | U_SCCB_INIT/state[3]_i_1_n_0            | reset_IBUF       |                2 |              4 |         2.00 |
|  pclk_IBUF_BUFG          |                                         | reset_IBUF       |                2 |              4 |         2.00 |
|  pclk_IBUF_BUFG          | U_OV7670_MemController/pixelData[7]     | reset_IBUF       |                3 |              5 |         1.67 |
|  pclk_IBUF_BUFG          | U_OV7670_MemController/pixelData[15]    | reset_IBUF       |                5 |              7 |         1.40 |
|  U_CLK_WIZ/inst/clk_out1 | U_SCCB_MASTER/shift_reg[7]_i_1_n_0      | reset_IBUF       |                3 |              8 |         2.67 |
|  pclk_IBUF_BUFG          | U_ColorDetector/cur_y_max[7]_i_1_n_0    | reset_IBUF       |                4 |              8 |         2.00 |
|  pclk_IBUF_BUFG          | U_ColorDetector/cur_y_min[7]_i_1_n_0    | reset_IBUF       |                3 |              8 |         2.67 |
|  pclk_IBUF_BUFG          | U_ColorDetector/cur_x_min[8]_i_1_n_0    | reset_IBUF       |                3 |              9 |         3.00 |
|  pclk_IBUF_BUFG          | U_ColorDetector/cur_x_max[8]_i_1_n_0    | reset_IBUF       |                3 |              9 |         3.00 |
|  U_CLK_WIZ/inst/clk_out1 | rclk_BUFG                               | reset_IBUF       |                6 |             10 |         1.67 |
|  U_CLK_WIZ/inst/clk_out1 | U_VGA_DECODER/U_PCLK_GEN/E[0]           | reset_IBUF       |                4 |             10 |         2.50 |
|  U_CLK_WIZ/inst/clk_out1 | U_SCCB_INIT/reg_index_rep[6]_i_1_n_0    | reset_IBUF       |                4 |             15 |         3.75 |
|  U_CLK_WIZ/inst/clk_out1 | U_SCCB_INIT/sccb_reg_addr[7]_i_1_n_0    | reset_IBUF       |                7 |             16 |         2.29 |
|  U_CLK_WIZ/inst/clk_out1 | U_SCCB_MASTER/reg_addr_r                | reset_IBUF       |                3 |             16 |         5.33 |
|  pclk_IBUF_BUFG          | U_OV7670_MemController/vsync_prev_reg   | reset_IBUF       |                5 |             17 |         3.40 |
|  U_CLK_WIZ/inst/clk_out1 | U_SCCB_INIT/delay_cnt[23]_i_1_n_0       | reset_IBUF       |                8 |             24 |         3.00 |
|  pclk_IBUF_BUFG          | U_ColorDetector/box_x_min[8]_i_1_n_0    | reset_IBUF       |               15 |             34 |         2.27 |
|  pclk_IBUF_BUFG          | U_OV7670_MemController/wAddr[0]_i_1_n_0 | reset_IBUF       |               19 |             48 |         2.53 |
|  U_CLK_WIZ/inst/clk_out1 |                                         | reset_IBUF       |               18 |             50 |         2.78 |
+--------------------------+-----------------------------------------+------------------+------------------+----------------+--------------+


